
Memory Configuration

Name             Origin             Length             Attributes
ram              0x80000000         0x00500000         xrw
*default*        0x00000000         0xffffffff

Linker script and memory map

                0x00000000                __DYNAMIC=0x0
                0x00400000                PROVIDE (__stack, 0x400000)
                0x00000000                PROVIDE (hardware_init_hook, 0x0)
                0x00000000                PROVIDE (_hardware_init_hook, 0x0)
                0x00000000                PROVIDE (software_init_hook, 0x0)
                0x00000000                PROVIDE (_software_init_hook, 0x0)

.text           0x80000000     0xe090
 *(.text)
 .text          0x80000000     0x20ce S2_Integra_DTR_Processor.o
                0x80000000                S2_Integra_DTR_ProcessorEventHandler00000
                0x80001e28                S2_Integra_DTR_ProcessorEventHandler00003
                0x80001f3a                S2_Integra_DTR_ProcessorEventHandler00005
                0x80001bee                S2_Integra_DTR_ProcessorEventHandler00001
                0x80001d0e                S2_Integra_DTR_ProcessorEventHandler00002
                0x80002004                S2_Integra_DTR_ProcessorEventHandler00006
                0x80001996                S2_Integra_DTR_Processor_EventHandler
                0x80001e64                S2_Integra_DTR_ProcessorEventHandler00004
                0x80001aac                S2_Integra_DTR_Processor_main
 *fill*         0x800020ce        0x2
 .text          0x800020d0     0x5064 S2_Integra_DTR_Feedback_v2.o
                0x800020d0                S2_Integra_DTR_Feedback_v2EventHandler00000
                0x80006d62                S2_Integra_DTR_Feedback_v2_main
                0x80006c74                S2_Integra_DTR_Feedback_v2_EventHandler
                0x80002d0c                S2_Integra_DTR_Feedback_v2EventHandler00001
 .text          0x80007134     0x5836 library.o
                0x8000b320                RotateRightLong
                0x8000b92e                IsSystem
                0x8000b284                Seed
                0x80008b7c                Remove
                0x8000af00                Ltoa
                0x8000ac2c                Atoi
                0x80009f94                InitRampInfoArray
                0x8000b6da                Right
                0x8000c70a                LockInputSema
                0x8000b1ae                Mod
                0x8000b396                Getc
                0x8000b0e2                SMuldiv
                0x8000b910                IsHidden
                0x8000afc6                Min
                0x8000c51e                hextosi
                0x8000bab4                WriteIntegerArray
                0x8000c02a                GetSignedIntArrayElementPtr
                0x8000a94e                CheckStructArray
                0x8000c532                hextosl
                0x8000bc3a                WriteSignedIntegerArray
                0x8000a616                InitStringParamArray
                0x800098e8                ReadSignedLongIntegerArray
                0x8000880a                GatherToDelimiter
                0x8000a43a                InitStringArray
                0x8000afa0                Max
                0x8000b96a                IsReadOnly
                0x8000b0aa                SMax
                0x800089ae                GatherByLength
                0x8000ae3a                Chr
                0x8000ba8c                ReadSignedLongInteger
                0x8000aeb8                Itohex
                0x8000a8c0                GetStructArrayElement
                0x8000abb4                UNS_SetByte
                0x8000b6ae                ReverseFindi
                0x80009d90                ReadStringArray
                0x8000be3a                GetIntArrayElementPtr
                0x8000b4ea                Lower
                0x8000b2a0                RotateLeft
                0x8000c652                ResizeIfAutogrow
                0x8000a0c0                CheckInputArray
                0x800076a2                ResizeStringArray
                0x8000adcc                Atosl
                0x8000abf4                High
                0x8000b250                Rnd
                0x8000b172                UMod
                0x8000b2f6                RotateLeftLong
                0x8000c77e                FindNumericChar
                0x8000c282                CheckIOArrayBounds2
                0x8000b8c8                MakeProgramFilename
                0x8000b0c6                SMin
                0x8000b41e                Left
                0x8000b360                CheckBufferThreshold
                0x8000ba44                ReadSignedInteger
                0x8000ac1e                LowWord
                0x80007134                Bit
                0x8000b9f4                ReadLongInteger
                0x8000aa32                Byte
                0x8000bf32                GetLongArrayElementPtr
                0x8000b680                ReverseFind
                0x8000b8de                GetSeries
                0x8000c84a                InitTcpServer
                0x8000b4d2                Len
                0x8000c352                InitializeRampInfoInternal
                0x8000afec                Divide
                0x8000ad38                Atol
                0x8000b8d4                GetModelNumber
                0x8000c21a                CheckIOArrayBounds
                0x8000a11a                CheckStringInputArray
                0x8000bcfc                WriteSignedLongIntegerArray
                0x8000a80a                GetStringArrayElement
                0x8000af44                Ltohex
                0x8000ae70                Itoa
                0x8000b2ca                RotateRight
                0x80008e6a                InternalReverseFind
                0x8000b9d4                WriteLongInteger
                0x8000a33e                InitDynamicStringStruct
                0x8000a230                SetStringArray
                0x800096c6                ReadSignedIntegerArray
                0x8000a174                SetOutputArray
                0x8000b984                WriteInteger
                0x8000a79e                InitStructDynamicArray
                0x800090f4                SetString
                0x8000b1ea                Random
                0x8000ba1c                WriteSignedInteger
                0x80007398                Find
                0x8000b8e8                GetProgramNumber
                0x8000b5be                Mid
                0x8000c7bc                InitTcpClient
                0x80008286                ResizeStructArray
                0x8000c122                GetSignedLongArrayElementPtr
                0x8000c544                hextol
                0x80009b0a                ReadString
                0x8000a4d0                InitDynamicStringArray
                0x8000c62a                UpperChar
                0x8000acc8                Atosi
                0x8000b9ac                ReadInteger
                0x8000b05e                Muldiv
                0x8000a1e2                SetStringOutputArray
                0x8000bdc0                WriteString
                0x80007cfa                ResizeIntegerArray
                0x8000a088                InitInOutArray
                0x8000a6de                InitNvramStringArray
                0x8000af88                Abs
                0x8000b12e                SDivide
                0x80009284                ReadIntegerArray
                0x80007244                CompareStrings
                0x8000c602                LowerChar
                0x8000c8da                InitUdpSocket
                0x8000b348                ClearBuffer
                0x8000b796                Upper
                0x8000a77a                InitStructArray
                0x8000b86c                MakeLower
                0x8000b94c                IsVolume
                0x80008cd6                RemoveByLength
                0x8000a9ca                CheckStringOutputArrayIndex
                0x8000bb76                WriteLongIntegerArray
                0x8000c3fe                InitRampInfoStructArray
                0x8000ac10                HighWord
                0x8000750c                ResizeString
                0x8000b8f2                IsDirectory
                0x800094a4                ReadLongIntegerArray
                0x8000ac02                Low
                0x800086b0                Gather
                0x8000b89a                MakeUpper
                0x8000a300                InitStringStruct
                0x8000c2ea                CheckStringArrayBounds
                0x8000b030                CheckDenominator
                0x8000c506                hextoi
                0x80009c28                WriteStringArray
                0x8000aaf2                SetByte
                0x8000c3a8                InitializeRampInfo
                0x8000c744                UnLockInputSema
                0x8000ba6c                WriteSignedLongInteger
                0x8000a3f2                InitNvramStringStruct
 *fill*         0x8000c96a        0x6
                0x8000c970                .=ALIGN(0x10)
 *(.eh_frame)
                0x8000c970                .=ALIGN(0x10)
 *(.gnu.linkonce.t.*)
                0x8000c970                .=ALIGN(0x4)
                0x8000c970                __CTOR_LIST__=.
                0x8000c970                ___CTOR_LIST__=.
                0x8000c970        0x4 LONG 0x0 (((__CTOR_END__-__CTOR_LIST__)/0x4)-0x2)
 *(.ctors)
                0x8000c974        0x4 LONG 0x0
                0x8000c978                __CTOR_END__=.
                0x8000c978                __DTOR_LIST__=.
                0x8000c978                ___DTOR_LIST__=.
                0x8000c978        0x4 LONG 0x0 (((__DTOR_END__-__DTOR_LIST__)/0x4)-0x2)
 *(.dtors)
                0x8000c97c        0x4 LONG 0x0
                0x8000c980                __DTOR_END__=.
 *(.rodata)
 .rodata        0x8000c980      0x35a S2_Integra_DTR_Processor.o
 .rodata        0x8000ccda      0x74d S2_Integra_DTR_Feedback_v2.o
 .rodata        0x8000d427      0xc54 library.o
 *(.gcc_except_table)
 *fill*         0x8000e07b        0x1
                0x8000e07c                .=ALIGN(0x2)
                0x8000e07c                __INIT_SECTION__=.
                0x8000e07c        0x4 LONG 0x4e560000
 *(.init)
                0x8000e080        0x2 SHORT 0x4e5e
                0x8000e082        0x2 SHORT 0x4e75
                0x8000e084                __FINI_SECTION__=.
                0x8000e084        0x4 LONG 0x4e560000
 *(.fini)
                0x8000e088        0x2 SHORT 0x4e5e
                0x8000e08a        0x2 SHORT 0x4e75
 *(.lit)
 *fill*         0x8000e08c        0x4
                0x8000e090                .=ALIGN(0x10)
                0x8000e090                _etext=.
                0x8000e090                etext=.

.data           0x8000e090        0x0
                0x8000e090                copy_start=.
 *(.shdata)
 *(.data)
 *(.gnu.linkonce.d.*)
                0x8000e090                .=ALIGN(0x10)
                0x8000e090                _edata=.
                0x8000e090                copy_end=.

.got
 *(.got.plt)
 *(.got)

EntryList       0x8000e090      0x220
 *(EntryList)
 EntryList      0x8000e090      0x110 S2_Integra_DTR_Processor.o
                0x8000e090                S2_Integra_DTR_Processor_Entry
 EntryList      0x8000e1a0      0x110 S2_Integra_DTR_Feedback_v2.o
                0x8000e1a0                S2_Integra_DTR_Feedback_v2_Entry
                0x8000e2b0                .=ALIGN(0x4)

FunctionList    0x8000e2b0        0x4
 *(FunctionList)
 FunctionList   0x8000e2b0        0x4 globals.o
                0x8000e2b0                g_pFunctions
                0x8000e2b4                .=ALIGN(0x4)

.bss            0x8000e2b4        0x0
                0x8000e2b4                .=ALIGN(0x4)
                0x8000e2b4                __bss_start=.
 *(.shbss)
 *(.bss)
 *(COMMON)
                0x8000e2b8                _end=ALIGN(0x8)
                0x8000e2b8                __end=_end

.stab
 *(.stab)

.stabstr
 *(.stabstr)

.debug
 *(.debug)

.line
 *(.line)

.debug_srcinfo
 *(.debug_srcinfo)

.debug_sfnames
 *(.debug_sfnames)

.debug_aranges
 *(.debug_aranges)

.debug_pubnames
 *(.debug_pubnames)

.debug_info
 *(.debug_info)

.debug_abbrev
 *(.debug_abbrev)

.debug_line
 *(.debug_line)

.debug_frame
 *(.debug_frame)

.debug_str
 *(.debug_str)

.debug_loc
 *(.debug_loc)

.debug_macinfo
 *(.debug_macinfo)

.debug_weaknames
 *(.debug_weaknames)

.debug_funcnames
 *(.debug_funcnames)

.debug_typenames
 *(.debug_typenames)

.debug_varnames
 *(.debug_varnames)
LOAD S2_Integra_DTR_Processor.o
LOAD S2_Integra_DTR_Feedback_v2.o
LOAD globals.o
LOAD library.o
OUTPUT(_S2_Kaplan_Family__11_16_2015_.spl elf32-m68k)

.comment        0x8000e2b4       0x98
 .comment       0x8000e2b4       0x26 S2_Integra_DTR_Processor.o
 .comment       0x8000e2da       0x26 S2_Integra_DTR_Feedback_v2.o
 .comment       0x8000e300       0x26 globals.o
 .comment       0x8000e326       0x26 library.o
